// Jest Snapshot v1, https://goo.gl/fbAQLP

exports[`MobileBanner スナップショット（MobileBanner） 1`] = `
<DocumentFragment>
  <div
    class="flex justify-center mt-20"
    style="background-color: rgb(217, 217, 217);"
  >
    <div
      style="position: relative; width: 700px;"
    >
      <img
        alt=""
        loading="lazy"
        src="/images/blog/mobilebanner.png"
        style="padding: 0px 12px;"
      />
      <div
        style="position: absolute; bottom: 10px; left: 15px; display: flex; justify-content: center; width: 45%;"
      >
        <a
          class="hover:shadow-xl transition-shadow duration-200 transform hover:-translate-y-1"
          href="https://apps.apple.com/jp/app/リアル大学生-モバイル/id6590619103"
          target="_blank"
        >
          <img
            alt="Download on the App Store"
            class="app-badge"
            src="/Download_on_the_App_Store_Badge_US-UK_RGB_blk_092917.svg"
            style="height: 40px;"
          />
        </a>
        <a
          class="app-badge-link hover:shadow-xl transition-shadow duration-200 transform hover:-translate-y-1"
          href="https://play.google.com/store/apps/details?id=com.realunivlog.flutterblogapp"
          style="margin-left: 10%;"
          target="_blank"
        >
          <img
            alt="Download on the Play Store"
            class="app-badge"
            src="/GetItOnGooglePlay_Badge_Web_color_English.png"
            style="height: 40px;"
          />
        </a>
      </div>
    </div>
  </div>
</DocumentFragment>
`;
