// Jest Snapshot v1, https://goo.gl/fbAQLP

exports[`CopyrightPage スナップショット（CopyrightPage） 1`] = `
<DocumentFragment>
  <div
    class="max-w-[85rem] sm:px-6 lg:px-8 mx-auto pb-2"
  >
    <div
      class="grid lg:grid-cols-3 gap-y-8 lg:gap-y-0 lg:gap-x-6"
    >
      <div
        class="lg:col-span-2"
      >
        <div
          class="FirstAd"
        />
        <div
          class=""
        >
          <div
            class="space-y-5 lg:space-y-8"
          >
            <div
              class="includeBanner flex justify-end gap-x-5"
            />
          </div>
          <div
            class="content mt-10 mb-5"
          >
            <h2
              class="bg-gray-300 text-gray-700"
              id="copyright"
            >
              著作権について
            </h2>
            <p>
              リアル大学生（以下、「本サービス」と言います。）のコンテンツ（写真や画像、文章など）の著作権につきましては、 原則として本サービスに帰属しており、無断転載することを禁止します。
              <br />
              <br />
              本サービスのコンテンツを利用したい場合は、別途お問い合わせください。
              <br />
              <br />
              本サービスは著作権や肖像権の侵害を目的としたものではありません。著作権や肖像権に関して問題がございましたら、
              <a
                href="/contact"
              >
                お問い合わせ
              </a>
              よりご連絡ください。迅速に対応いたします。
            </p>
          </div>
        </div>
        <div
          class="FirstAd"
        />
      </div>
      <div
        class="mobile"
      />
    </div>
  </div>
</DocumentFragment>
`;
