// Jest Snapshot v1, https://goo.gl/fbAQLP

exports[`DisclaimerPage スナップショット（DisclaimerPage） 1`] = `
<DocumentFragment>
  <div
    class="max-w-[85rem] sm:px-6 lg:px-8 mx-auto pb-2"
  >
    <div
      class="grid lg:grid-cols-3 gap-y-8 lg:gap-y-0 lg:gap-x-6"
    >
      <div
        class="lg:col-span-2"
      >
        <div
          class="FirstAd"
        />
        <div
          class=""
        >
          <div
            class="space-y-5 lg:space-y-8"
          >
            <div
              class="includeBanner flex justify-end gap-x-5"
            />
          </div>
          <div
            class="content mt-10 mb-5"
          >
            <h2
              id="disclaimer"
            >
              免責事項
            </h2>
            <p>
              リアル大学生（以下、「本サービス」と言います。）からのリンクやバナーなどで移動したサイトで提供される情報、サービス等について一切の責任を負いません。
              <br />
              <br />
              また本サービスのコンテンツ・情報について、できる限り正確な情報を提供するように努めておりますが、正確性や安全性を保証するものではありません。情報が古くなっていることもございます。
              <br />
              <br />
              本サービスに掲載された内容によって生じた損害等の一切の責任を負いかねますのでご了承ください。
            </p>
          </div>
        </div>
        <div
          class="FirstAd"
        />
      </div>
      <div
        class="mobile"
      />
    </div>
  </div>
</DocumentFragment>
`;
