// Jest Snapshot v1, https://goo.gl/fbAQLP

exports[`SitemapPage スナップショット（SitemapPage） 1`] = `
<DocumentFragment>
  <div
    class="max-w-[85rem] sm:px-6 lg:px-8 mx-auto pb-2"
  >
    <div
      class="grid lg:grid-cols-3 gap-y-8 lg:gap-y-0 lg:gap-x-6"
    >
      <div
        class="lg:col-span-2"
      >
        <div
          class=""
        >
          <div
            class="FirstAd"
          />
          <div
            class="space-y-5 lg:space-y-8"
          >
            <div
              class="includeBanner flex justify-end gap-x-5"
            />
            <div
              class="content mt-10 mb-5"
            >
              <h2>
                固定ページ
              </h2>
              <ul>
                <li>
                  <a
                    class="text-blue-500 hover:text-blue-700"
                    href="/contact"
                  >
                    お問い合わせ
                  </a>
                </li>
                <li>
                  <a
                    class="text-blue-500 hover:text-blue-700"
                    href="/sitemap"
                  >
                    サイトマップ
                  </a>
                </li>
                <li>
                  <a
                    class="text-blue-500 hover:text-blue-700"
                    href="/profile"
                  >
                    プロフィール
                  </a>
                </li>
                <li>
                  <a
                    class="text-blue-500 hover:text-blue-700"
                    href="/privacy"
                  >
                    プライバシーポリシー
                  </a>
                </li>
                <li>
                  <a
                    class="text-blue-500 hover:text-blue-700"
                    href="/disclaimer"
                  >
                    免責事項
                  </a>
                </li>
                <li>
                  <a
                    class="text-blue-500 hover:text-blue-700"
                    href="/copyright"
                  >
                    著作権
                  </a>
                </li>
                <li>
                  <a
                    class="text-blue-500 hover:text-blue-700"
                    href="/link"
                  >
                    リンク
                  </a>
                </li>
              </ul>
              <h2>
                カテゴリー
              </h2>
              <ul>
                <li>
                  <a
                    class="text-blue-500 hover:text-blue-700"
                    href="/category/programming"
                  >
                    プログラミング
                  </a>
                </li>
                <li>
                  <a
                    class="text-blue-500 hover:text-blue-700"
                    href="/category/university"
                  >
                    大学生活
                  </a>
                </li>
                <li>
                  <a
                    class="text-blue-500 hover:text-blue-700"
                    href="/category/travel"
                  >
                    旅行
                  </a>
                </li>
                <li>
                  <a
                    class="text-blue-500 hover:text-blue-700"
                    href="/category/blog"
                  >
                    ブログ
                  </a>
                </li>
              </ul>
              <h2>
                投稿一覧
              </h2>
              <ul>
                <li>
                  <a
                    class="text-blue-500 hover:text-blue-700"
                    href="/articles/1"
                  >
                    記事1
                  </a>
                </li>
                <li>
                  <a
                    class="text-blue-500 hover:text-blue-700"
                    href="/articles/2"
                  >
                    記事2
                  </a>
                </li>
                <li>
                  <a
                    class="text-blue-500 hover:text-blue-700"
                    href="/articles/3"
                  >
                    記事3
                  </a>
                </li>
              </ul>
            </div>
          </div>
          <div
            class="FirstAd"
          />
        </div>
      </div>
      <div
        class="mobile"
      />
    </div>
  </div>
</DocumentFragment>
`;
