// Jest Snapshot v1, https://goo.gl/fbAQLP

exports[`Tag スナップショット（Tag） 1`] = `
<DocumentFragment>
  <div
    class="bg-white pt-8 px-4 border border-gray-300 py-5 mt-5"
  >
    <h1
      class="profile text-2xl text-center font-semibold flex justify-center"
    >
      <svg
        aria-hidden="true"
        class="h-8 w-8 mr-2"
        data-slot="icon"
        fill="currentColor"
        viewBox="0 0 24 24"
        xmlns="http://www.w3.org/2000/svg"
      >
        <path
          clip-rule="evenodd"
          d="M11.097 1.515a.75.75 0 0 1 .589.882L10.666 7.5h4.47l1.079-5.397a.75.75 0 1 1 1.47.294L16.665 7.5h3.585a.75.75 0 0 1 0 1.5h-3.885l-1.2 6h3.585a.75.75 0 0 1 0 1.5h-3.885l-1.08 5.397a.75.75 0 1 1-1.47-.294l1.02-5.103h-4.47l-1.08 5.397a.75.75 0 1 1-1.47-.294l1.02-5.103H3.75a.75.75 0 0 1 0-1.5h3.885l1.2-6H5.25a.75.75 0 0 1 0-1.5h3.885l1.08-5.397a.75.75 0 0 1 .882-.588ZM10.365 9l-1.2 6h4.47l1.2-6h-4.47Z"
          fill-rule="evenodd"
        />
      </svg>
      タグ
    </h1>
    <div
      class="mt-5 flex flex-wrap gap-2"
    >
      <a
        class="inline-block border border-gray-300 rounded-full px-3 py-1 text-sm font-semibold text-gray-900 mr-2 mb-2 hover:text-blue-500"
        href="/tag/seo"
      >
        SEO対策
      </a>
      <a
        class="inline-block border border-gray-300 rounded-full px-3 py-1 text-sm font-semibold text-gray-900 mr-2 mb-2 hover:text-blue-500"
        href="/tag/microcms"
      >
        MicroCMS
      </a>
      <a
        class="inline-block border border-gray-300 rounded-full px-3 py-1 text-sm font-semibold text-gray-900 mr-2 mb-2 hover:text-blue-500"
        href="/tag/adsense"
      >
        Google AdSense
      </a>
      <a
        class="inline-block border border-gray-300 rounded-full px-3 py-1 text-sm font-semibold text-gray-900 mr-2 mb-2 hover:text-blue-500"
        href="/tag/git"
      >
        Git
      </a>
      <a
        class="inline-block border border-gray-300 rounded-full px-3 py-1 text-sm font-semibold text-gray-900 mr-2 mb-2 hover:text-blue-500"
        href="/tag/javascript"
      >
        JavaScript
      </a>
      <a
        class="inline-block border border-gray-300 rounded-full px-3 py-1 text-sm font-semibold text-gray-900 mr-2 mb-2 hover:text-blue-500"
        href="/tag/finance"
      >
        金融
      </a>
      <a
        class="inline-block border border-gray-300 rounded-full px-3 py-1 text-sm font-semibold text-gray-900 mr-2 mb-2 hover:text-blue-500"
        href="/tag/aws"
      >
        AWS
      </a>
      <a
        class="inline-block border border-gray-300 rounded-full px-3 py-1 text-sm font-semibold text-gray-900 mr-2 mb-2 hover:text-blue-500"
        href="/tag/cook"
      >
        料理
      </a>
      <a
        class="inline-block border border-gray-300 rounded-full px-3 py-1 text-sm font-semibold text-gray-900 mr-2 mb-2 hover:text-blue-500"
        href="/tag/appledeveloper"
      >
        Apple Developer
      </a>
      <a
        class="inline-block border border-gray-300 rounded-full px-3 py-1 text-sm font-semibold text-gray-900 mr-2 mb-2 hover:text-blue-500"
        href="/tag/gadget"
      >
        ガジェット
      </a>
      <a
        class="inline-block border border-gray-300 rounded-full px-3 py-1 text-sm font-semibold text-gray-900 mr-2 mb-2 hover:text-blue-500"
        href="/tag/flutter"
      >
        Flutter
      </a>
    </div>
  </div>
</DocumentFragment>
`;
