// Jest Snapshot v1, https://goo.gl/fbAQLP

exports[`ArticleSidebar スナップショット（ArticleSidebar） 1`] = `
<DocumentFragment>
  <div
    class="lg:col-span-1 lg:w-full lg:h-full"
  >
    <div
      class="sidebar"
    >
      <div
        class="FirstAd pc mt-5"
      />
    </div>
    <div
      class="SidebarTableOfContens mobile"
    />
  </div>
</DocumentFragment>
`;
