// Jest Snapshot v1, https://goo.gl/fbAQLP

exports[`TagListItem スナップショット(TagListItem) 1`] = `
<DocumentFragment>
  <a
    class="tag"
    href="/tag/1"
  >
    <svg
      aria-hidden="true"
      class="h-5 w-5 mt-1"
      data-slot="icon"
      fill="none"
      stroke="currentColor"
      stroke-width="1.5"
      viewBox="0 0 24 24"
      xmlns="http://www.w3.org/2000/svg"
    >
      <path
        d="M5.25 8.25h15m-16.5 7.5h15m-1.8-13.5-3.9 19.5m-2.1-19.5-3.9 19.5"
        stroke-linecap="round"
        stroke-linejoin="round"
      />
    </svg>
    <p
      class="tag"
    >
      example
    </p>
  </a>
</DocumentFragment>
`;
