// Jest Snapshot v1, https://goo.gl/fbAQLP

exports[`SidebarArticleListItem スナップショット（SidebarArticleListItem） 1`] = `
<DocumentFragment>
  <div>
    <ol
      class="ArticleListItem_list border mt-5 p-2 shadow-lg hover:shadow-xl transition-shadow duration-200 transform hover:-translate-y-1 LightTheme"
    >
      <li>
        <a
          class="sidebarPopularPost"
          href="/articles/1"
        >
          <img
            alt="サムネイル"
            data-nimg="1"
            decoding="async"
            height="300"
            loading="lazy"
            src="/_next/image?url=https%3A%2F%2Fthumbnail.com%2Fthumbnail.jpg&w=1200&q=75"
            srcset="/_next/image?url=https%3A%2F%2Fthumbnail.com%2Fthumbnail.jpg&w=640&q=75 1x, /_next/image?url=https%3A%2F%2Fthumbnail.com%2Fthumbnail.jpg&w=1200&q=75 2x"
            style="color: transparent; background-size: cover; background-position: 50% 50%; background-repeat: no-repeat;"
            width="600"
          />
          <div>
            <div
              class="ArticleListItem_title font-bold"
            >
              タイトル
            </div>
          </div>
        </a>
      </li>
    </ol>
  </div>
</DocumentFragment>
`;
